I'm sorry, but errors were detected in your script. Please correct the
errors listed below, and try again.


File "game/story scripts/ch1.6-7.rpy", line 130: is not terminated with a newline. (Check strings and parenthesis.)
(Perhaps you left out a ' at the end of the first line.)
        $ zmood = 'neutral

Ren'Py Version: Ren'Py 7.4.4.1439
Mon Nov 22 14:24:58 2021
